// Jest Snapshot v1, https://goo.gl/fbAQLP

exports[`changes the class when hovered 1`] = `
<div
  className="rnd-card"
>
  <div
    className="rnd-card-header"
  >
    <span
      className="rnd-card-title"
    >
      Henlo
    </span>
    <div
      className="rnd-card-right"
    />
  </div>
  <div
    className="rnd-card-body"
  >
    Oki
  </div>
  <div
    className="rnd-card-footer"
  >
    <div
      className="rnd-card-default-footer"
    />
  </div>
</div>
`;

exports[`changes the class when hovered 2`] = `
<div
  className="rnd-card"
>
  <div
    className="rnd-card-header"
  >
    <span
      className="rnd-card-title"
    >
      Henlo
    </span>
    <div
      className="rnd-card-right"
    />
  </div>
  <div
    className="rnd-card-body"
  >
    Oki
  </div>
  <div
    className="rnd-card-footer"
  >
    <div
      className="rnd-card-default-footer"
    />
  </div>
</div>
`;
