[     211ms] [INFO] %cDownload the React DevTools for a better development experience: https://react.dev/link/react-devtools font-weight:bold @ http://localhost:5175/react-n-design/@fs/Users/macworld/Desktop/dev/react-n-design/node_modules/.vite/deps/react-dom_client.js?v=bfa5383e:14090
[     245ms] [ERROR] React does not recognize the `%s` prop on a DOM element. If you intentionally want it to appear in the DOM as a custom attribute, spell it as lowercase `%s` instead. If you accidentally passed it from a parent component, remove it from the DOM element. whileTap whiletap @ http://localhost:5175/react-n-design/@vite/client:524
[     246ms] [ERROR] React does not recognize the `%s` prop on a DOM element. If you intentionally want it to appear in the DOM as a custom attribute, spell it as lowercase `%s` instead. If you accidentally passed it from a parent component, remove it from the DOM element. whileHover whilehover @ http://localhost:5175/react-n-design/@vite/client:524
[     261ms] [ERROR] React does not recognize the `%s` prop on a DOM element. If you intentionally want it to appear in the DOM as a custom attribute, spell it as lowercase `%s` instead. If you accidentally passed it from a parent component, remove it from the DOM element. layoutId layoutid @ http://localhost:5175/react-n-design/@vite/client:524
[     282ms] ReferenceError: ThinkingBlock is not defined
    at Object.render (http://localhost:5175/react-n-design/src/data/componentExamples.tsx?t=1781573357493:978:41)
    at http://localhost:5175/react-n-design/src/components/ComponentDemo.tsx?t=1781573357493:59:41
    at mountMemo (http://localhost:5175/react-n-design/@fs/Users/macworld/Desktop/dev/react-n-design/node_modules/.vite/deps/react-dom_client.js?v=bfa5383e:4684:20)
    at Object.useMemo (http://localhost:5175/react-n-design/@fs/Users/macworld/Desktop/dev/react-n-design/node_modules/.vite/deps/react-dom_client.js?v=bfa5383e:12777:13)
    at exports.useMemo (http://localhost:5175/react-n-design/@fs/Users/macworld/Desktop/dev/react-n-design/node_modules/.vite/deps/react.js?v=bfa5383e:736:31)
    at ExampleTabItem (http://localhost:5175/react-n-design/src/components/ComponentDemo.tsx?t=1781573357493:59:19)
    at Object.react_stack_bottom_frame (http://localhost:5175/react-n-design/@fs/Users/macworld/Desktop/dev/react-n-design/node_modules/.vite/deps/react-dom_client.js?v=bfa5383e:12621:12)
    at renderWithHooks (http://localhost:5175/react-n-design/@fs/Users/macworld/Desktop/dev/react-n-design/node_modules/.vite/deps/react-dom_client.js?v=bfa5383e:3966:19)
    at updateFunctionComponent (http://localhost:5175/react-n-design/@fs/Users/macworld/Desktop/dev/react-n-design/node_modules/.vite/deps/react-dom_client.js?v=bfa5383e:5322:16)
    at beginWork (http://localhost:5175/react-n-design/@fs/Users/macworld/Desktop/dev/react-n-design/node_modules/.vite/deps/react-dom_client.js?v=bfa5383e:5893:20)
[     281ms] [WARNING] %s

%s
 An error occurred in the <ExampleTabItem> component. Consider adding an error boundary to your tree to customize error handling behavior.
Visit https://react.dev/link/error-boundaries to learn more about error boundaries. @ http://localhost:5175/react-n-design/@vite/client:524
[  795497ms] TypeError: Cannot read properties of undefined (reading 'map')
    at ThinkingBlock (http://localhost:5175/react-n-design/@fs/Users/macworld/Desktop/dev/react-n-design/src/components/ThinkingBlock/ThinkingBlock.tsx:133:79)
    at Object.react_stack_bottom_frame (http://localhost:5175/react-n-design/@fs/Users/macworld/Desktop/dev/react-n-design/node_modules/.vite/deps/react-dom_client.js?v=bfa5383e:12621:12)
    at renderWithHooks (http://localhost:5175/react-n-design/@fs/Users/macworld/Desktop/dev/react-n-design/node_modules/.vite/deps/react-dom_client.js?v=bfa5383e:3966:19)
    at updateFunctionComponent (http://localhost:5175/react-n-design/@fs/Users/macworld/Desktop/dev/react-n-design/node_modules/.vite/deps/react-dom_client.js?v=bfa5383e:5322:16)
    at beginWork (http://localhost:5175/react-n-design/@fs/Users/macworld/Desktop/dev/react-n-design/node_modules/.vite/deps/react-dom_client.js?v=bfa5383e:5893:20)
    at runWithFiberInDEV (http://localhost:5175/react-n-design/@fs/Users/macworld/Desktop/dev/react-n-design/node_modules/.vite/deps/react-dom_client.js?v=bfa5383e:604:66)
    at performUnitOfWork (http://localhost:5175/react-n-design/@fs/Users/macworld/Desktop/dev/react-n-design/node_modules/.vite/deps/react-dom_client.js?v=bfa5383e:8182:92)
    at workLoopSync (http://localhost:5175/react-n-design/@fs/Users/macworld/Desktop/dev/react-n-design/node_modules/.vite/deps/react-dom_client.js?v=bfa5383e:8078:37)
    at renderRootSync (http://localhost:5175/react-n-design/@fs/Users/macworld/Desktop/dev/react-n-design/node_modules/.vite/deps/react-dom_client.js?v=bfa5383e:8062:6)
    at performWorkOnRoot (http://localhost:5175/react-n-design/@fs/Users/macworld/Desktop/dev/react-n-design/node_modules/.vite/deps/react-dom_client.js?v=bfa5383e:7747:27)
[  795497ms] [WARNING] %s

%s
 An error occurred in the <ThinkingBlock> component. Consider adding an error boundary to your tree to customize error handling behavior.
Visit https://react.dev/link/error-boundaries to learn more about error boundaries. @ http://localhost:5175/react-n-design/@vite/client:524
